============================================================
  Generated by:           Genus(TM) Synthesis Solution 18.10-p003_1
  Generated on:           Sep 14 2026  08:42:15 am
  Module:                 alu4
  Technology library:     sky130_tt_1.8_25 1.0
  Operating conditions:   tt_1.8_25 (balanced_tree)
  Wireload mode:          enclosed
  Area mode:              timing library
============================================================

                              
   Gate    Instances   Area         Library       
--------------------------------------------------
ADDFX1             2   64.750    sky130_tt_1.8_25 
AOI22X1            1   11.426    sky130_tt_1.8_25 
CLKINVX1           3   17.139    sky130_tt_1.8_25 
CLKXOR2X1          4   53.324    sky130_tt_1.8_25 
MX2X1              1   15.235    sky130_tt_1.8_25 
NAND2X1            2   15.236    sky130_tt_1.8_25 
NAND3X1            3   28.566    sky130_tt_1.8_25 
NOR2X1             3   22.854    sky130_tt_1.8_25 
OAI211X1           1   11.420    sky130_tt_1.8_25 
OAI21X1            1    9.522    sky130_tt_1.8_25 
OAI221X1           3   39.993    sky130_tt_1.8_25 
XNOR2X1            1   15.235    sky130_tt_1.8_25 
--------------------------------------------------
total             25  304.700                     


                                        
     Type      Instances   Area  Area % 
----------------------------------------
inverter               3  17.139    5.6 
logic                 22 287.561   94.4 
physical_cells         0   0.000    0.0 
----------------------------------------
total                 25 304.700  100.0 

